
=== SOLVE START ===
Writing constraints.:   0%|[38;2;128;191;255m          [0m| 0/118 [00:00<?, ?it/s]Writing constraints.:   3%|[38;2;128;191;255m3         [0m| 4/118 [00:00<00:03, 28.53it/s]Writing constraints.:   6%|[38;2;128;191;255m5         [0m| 7/118 [00:00<00:09, 11.44it/s]Writing constraints.:   8%|[38;2;128;191;255m7         [0m| 9/118 [00:00<00:08, 12.22it/s]Writing constraints.:  10%|[38;2;128;191;255m#         [0m| 12/118 [00:00<00:06, 15.99it/s]Writing constraints.:  13%|[38;2;128;191;255m#2        [0m| 15/118 [00:00<00:05, 18.73it/s]Writing constraints.:  16%|[38;2;128;191;255m#6        [0m| 19/118 [00:01<00:04, 22.12it/s]Writing constraints.:  19%|[38;2;128;191;255m#9        [0m| 23/118 [00:01<00:03, 24.18it/s]Writing constraints.:  22%|[38;2;128;191;255m##2       [0m| 26/118 [00:01<00:05, 18.31it/s]Writing constraints.:  27%|[38;2;128;191;255m##7       [0m| 32/118 [00:01<00:03, 26.37it/s]Writing constraints.:  34%|[38;2;128;191;255m###3      [0m| 40/118 [00:01<00:02, 37.78it/s]Writing constraints.:  45%|[38;2;128;191;255m####4     [0m| 53/118 [00:01<00:01, 59.23it/s]Writing constraints.:  56%|[38;2;128;191;255m#####5    [0m| 66/118 [00:01<00:00, 76.27it/s]Writing constraints.:  67%|[38;2;128;191;255m######6   [0m| 79/118 [00:01<00:00, 89.90it/s]Writing constraints.:  79%|[38;2;128;191;255m#######8  [0m| 93/118 [00:02<00:00, 101.63it/s]Writing constraints.:  90%|[38;2;128;191;255m########9 [0m| 106/118 [00:02<00:00, 109.30it/s]Writing constraints.: 100%|[38;2;128;191;255m##########[0m| 118/118 [00:02<00:00, 52.08it/s] 
Writing continuous variables.:   0%|[38;2;128;191;255m          [0m| 0/8 [00:00<?, ?it/s]Writing continuous variables.: 100%|[38;2;128;191;255m##########[0m| 8/8 [00:00<00:00, 112.33it/s]
Running HiGHS 1.12.0 (git hash: 755a8e0): Copyright (c) 2025 HiGHS under MIT licence terms
LP linopy-problem-yf_k4r6y has 446586 rows; 202233 cols; 874199 nonzeros
Coefficient ranges:
  Matrix  [5e-06, 8e+00]
  Cost    [2e+02, 7e+06]
  Bound   [0e+00, 0e+00]
  RHS     [7e-04, 1e+05]
WARNING: Problem has some excessively large costs
WARNING:    Consider scaling the objective by 1e-1, or setting the user_objective_scale option to -3
Presolving model
147058 rows, 143268 cols, 458595 nonzeros  0s
Dependent equations search running on 24441 equations with time limit of 1000.00s
Dependent equations search removed 0 rows and 0 nonzeros in 0.01s (limit = 1000.00s)
135977 rows, 118446 cols, 424200 nonzeros  2s
Presolve reductions: rows 135977(-310609); columns 118446(-83787); nonzeros 424200(-449999) 
Solving the presolved LP
Using EKK dual simplex solver - serial
  Iteration        Objective     Infeasibilities num(sum)
          0    -2.6760988075e+10 Ph1: 36660(4.47284e+07); Du: 12096(2.6761e+07) 2s
      34476     9.8692412645e+08 Pr: 20593(8.53585e+07); Du: 0(3.24485e-07) 8s
      38261     1.5459741391e+09 Pr: 21385(4.81088e+08); Du: 0(2.26907e-07) 13s
      40316     1.9868301947e+09 Pr: 21031(2.04919e+09); Du: 0(2.70269e-07) 19s
      42351     3.1561421920e+09 Pr: 21521(2.39344e+08); Du: 0(3.67231e-07) 24s
      44299     4.3901290369e+09 Pr: 24959(4.82123e+09); Du: 0(3.67235e-07) 30s
      45740     5.2077967550e+09 Pr: 24647(7.83612e+09); Du: 0(6.89834e-07) 35s
      47369     6.7983859363e+09 Pr: 29950(1.34726e+09); Du: 0(5.06737e-07) 41s
      49194     7.1122947049e+09 Pr: 26861(1.23203e+09); Du: 0(3.14135e-07) 47s
      50604     7.7275038667e+09 Pr: 29001(1.52226e+09); Du: 0(3.14138e-07) 52s
      52925     7.7275082520e+09 Pr: 29457(1.64751e+09); Du: 0(3.14138e-07) 58s
      54478     7.8495441458e+09 Pr: 30228(1.52975e+09); Du: 0(2.34241e-07) 64s
      55703     8.2210991330e+09 Pr: 30933(5.30486e+09); Du: 0(1.7284e-07) 69s
      57329     8.5668151073e+09 Pr: 32789(5.55707e+09); Du: 0(1.7284e-07) 76s
      58693     8.9039330810e+09 Pr: 33249(3.49852e+09); Du: 0(1.44331e-07) 82s
      60162     9.0682665159e+09 Pr: 38372(3.37065e+09); Du: 0(2.28466e-07) 90s
      61541     9.1782646784e+09 Pr: 38171(2.61411e+09); Du: 0(1.63252e-07) 96s
      62507     9.4723947177e+09 Pr: 34494(1.36704e+09); Du: 0(1.4052e-07) 102s
      63712     9.6944484665e+09 Pr: 35437(3.52623e+09); Du: 0(9.17567e-08) 109s
      64754     1.0101582906e+10 Pr: 34982(3.23585e+09); Du: 0(1.62419e-07) 115s
      65707     1.0584097847e+10 Pr: 35260(1.51318e+10); Du: 0(1.20557e-07) 121s
      66808     1.1073491226e+10 Pr: 35941(2.92185e+10); Du: 0(1.20558e-07) 127s
      68289     1.1740898744e+10 Pr: 33258(3.12215e+09); Du: 0(1.41015e-07) 135s
      69313     1.2355793374e+10 Pr: 34026(2.34425e+09); Du: 0(8.16098e-08) 141s
      70303     1.3468476321e+10 Pr: 33789(7.26756e+10); Du: 0(1.37762e-07) 147s
      71289     1.4556929545e+10 Pr: 34634(1.35523e+10); Du: 0(7.03529e-08) 153s
      72609     1.5443337335e+10 Pr: 38463(4.542e+10); Du: 0(7.03529e-08) 160s
      73496     1.6370362510e+10 Pr: 36575(4.84227e+09); Du: 0(2.42055e-07) 165s
      74463     1.7151217860e+10 Pr: 38753(4.93363e+09); Du: 0(1.00683e-07) 171s
      75698     1.8563414601e+10 Pr: 37030(5.25994e+09); Du: 0(9.97401e-08) 176s
      77370     2.0608607648e+10 Pr: 37820(5.65569e+09); Du: 0(9.36445e-08) 183s
      79664     2.2205574096e+10 Pr: 37472(3.54382e+08); Du: 0(7.2058e-08) 190s
      81256     2.2700483267e+10 Pr: 36251(5.04393e+08); Du: 0(7.20565e-08) 197s
      82578     2.3037908140e+10 Pr: 34714(1.09657e+09); Du: 0(7.20556e-08) 203s
      83990     2.3447023596e+10 Pr: 34635(1.12918e+09); Du: 0(7.20578e-08) 209s
      85389     2.3943316899e+10 Pr: 35047(9.7151e+08); Du: 0(1.01667e-07) 216s
      86669     2.4456162435e+10 Pr: 35724(5.09485e+08); Du: 0(1.01668e-07) 222s
      87935     2.5240161036e+10 Pr: 35805(9.58323e+08); Du: 0(1.01665e-07) 228s
      89266     2.5921043702e+10 Pr: 33232(6.73396e+08); Du: 0(7.20585e-08) 234s
      90533     2.6461190449e+10 Pr: 35169(8.96354e+08); Du: 0(7.20571e-08) 241s
      91878     2.6956862872e+10 Pr: 34173(8.74249e+08); Du: 0(8.55808e-08) 247s
      93156     2.7450608309e+10 Pr: 35639(4.39374e+08); Du: 0(8.55808e-08) 253s
      94391     2.8121349113e+10 Pr: 34280(6.27552e+08); Du: 0(8.55799e-08) 258s
      95642     2.8739904804e+10 Pr: 34895(5.04218e+08); Du: 0(7.20585e-08) 264s
      96926     2.9360047154e+10 Pr: 34013(1.1182e+09); Du: 0(1.60759e-07) 271s
      98322     3.0278476194e+10 Pr: 36780(6.27468e+08); Du: 0(1.1529e-07) 277s
      99534     3.1526500046e+10 Pr: 36375(2.17085e+09); Du: 0(1.70868e-07) 283s
     100591     3.1984099705e+10 Pr: 36595(4.32934e+10); Du: 0(1.99144e-07) 288s
     101536     3.2470470530e+10 Pr: 35644(1.94353e+10); Du: 0(1.00338e-07) 294s
     102759     3.3276735681e+10 Pr: 33551(3.31361e+09); Du: 0(1.08793e-07) 301s
     103822     3.4158331102e+10 Pr: 32304(4.69387e+09); Du: 0(1.00337e-07) 307s
     104907     3.4826686350e+10 Pr: 34016(5.13922e+09); Du: 0(1.00338e-07) 313s
     105859     3.5324505866e+10 Pr: 36955(2.41282e+10); Du: 0(5.76521e-08) 319s
     106895     3.5825868439e+10 Pr: 37071(1.93437e+10); Du: 0(2.04603e-08) 326s
     108192     3.6385793795e+10 Pr: 36857(4.24583e+09); Du: 0(2.63769e-07) 334s
     109295     3.6708581049e+10 Pr: 36942(1.56031e+09); Du: 0(1.85574e-07) 341s
     110561     3.6874151943e+10 Pr: 32059(6.43792e+08); Du: 0(3.05092e-08) 348s
     111940     3.6919711813e+10 Pr: 36566(2.33727e+09); Du: 0(7.0438e-08) 354s
     112873     3.7089237551e+10 Pr: 33358(5.87037e+08); Du: 0(8.04482e-08) 360s
     113795     3.7381733724e+10 Pr: 36799(1.02899e+09); Du: 0(8.12688e-08) 365s
     114810     3.7643574748e+10 Pr: 39898(1.72888e+09); Du: 0(5.59913e-08) 371s
     116091     3.8094863811e+10 Pr: 31288(9.63229e+08); Du: 0(2.36367e-07) 377s
     117944     4.3924883364e+10 Pr: 33101(2.13489e+09); Du: 0(1.00028e-07) 382s
     119030     4.4365478935e+10 Pr: 40175(2.16181e+09); Du: 0(2.67296e-07) 388s
     120101     4.4646121159e+10 Pr: 38629(5.85794e+09); Du: 0(2.01519e-07) 394s
     121213     4.4889488424e+10 Pr: 35003(4.08097e+08); Du: 0(1.53583e-07) 400s
     122400     4.5212303556e+10 Pr: 38818(2.33022e+09); Du: 0(8.04838e-08) 406s
     123828     4.6180704412e+10 Pr: 34991(3.18098e+08); Du: 0(1.00368e-07) 412s
     126734     4.6815911438e+10 Pr: 33562(2.81713e+08); Du: 0(1.0036e-07) 419s
     128601     4.9675823501e+10 Pr: 34950(5.67152e+08); Du: 0(2.02081e-07) 425s
     129893     5.0246365512e+10 Pr: 36738(1.00115e+09); Du: 0(1.81626e-07) 431s
     131700     5.1264468201e+10 Pr: 34392(4.83067e+08); Du: 0(1.81612e-07) 436s
     133311     5.1429367099e+10 Pr: 35620(5.64294e+08); Du: 0(2.07519e-07) 443s
     134792     5.1708952966e+10 Pr: 33828(4.41108e+08); Du: 0(2.07515e-07) 449s
     136255     5.1867520349e+10 Pr: 32851(4.10101e+08); Du: 0(1.62164e-07) 455s
     137740     5.2079820393e+10 Pr: 32768(4.34923e+08); Du: 0(3.00083e-07) 460s
     139303     5.2381990563e+10 Pr: 33721(4.39333e+08); Du: 0(2.47738e-07) 466s
     141090     5.2552005437e+10 Pr: 33804(4.35706e+08); Du: 0(4.14359e-07) 473s
     142728     5.2746341828e+10 Pr: 33889(5.55042e+08); Du: 0(3.36022e-07) 479s
     144335     5.2901315933e+10 Pr: 34512(5.21781e+08); Du: 0(1.9514e-07) 485s
     145934     5.3049590907e+10 Pr: 36114(6.87543e+08); Du: 0(3.20136e-07) 491s
     147146     5.3233013213e+10 Pr: 34581(6.84896e+08); Du: 0(1.90007e-07) 496s
     148457     5.3335116126e+10 Pr: 33582(4.93003e+08); Du: 0(9.81502e-08) 502s
     149772     5.3489213759e+10 Pr: 34510(6.3786e+08); Du: 0(2.47981e-07) 507s
     151636     5.3667483838e+10 Pr: 34536(4.61094e+08); Du: 0(3.29321e-07) 514s
     152954     5.3783330586e+10 Pr: 33131(7.20563e+08); Du: 0(2.20744e-07) 520s
     154660     5.3892341865e+10 Pr: 32528(1.00116e+09); Du: 0(3.21793e-07) 527s
     156044     5.4714817547e+10 Pr: 34321(5.21752e+08); Du: 0(3.44371e-07) 532s
     157713     5.4829779720e+10 Pr: 34250(3.81555e+09); Du: 0(3.67811e-07) 539s
     158876     5.4976803988e+10 Pr: 32594(6.82271e+08); Du: 0(3.73268e-07) 544s
     160418     5.5201256013e+10 Pr: 34476(1.23403e+09); Du: 0(2.59508e-07) 552s
     161922     5.5386456334e+10 Pr: 33523(2.54632e+10); Du: 0(1.55388e-07) 559s
     163478     5.5624828977e+10 Pr: 36448(4.17841e+09); Du: 0(2.54748e-07) 566s
     164879     5.5756044524e+10 Pr: 34812(2.68914e+09); Du: 0(1.97495e-07) 575s
     165663     5.5816407459e+10 Pr: 35293(1.64778e+09); Du: 0(2.59152e-07) 580s
     166995     5.5952776619e+10 Pr: 31992(1.32635e+09); Du: 0(3.71844e-07) 589s
     168295     5.6061479438e+10 Pr: 35598(1.44748e+10); Du: 0(3.1761e-07) 598s
     169361     5.6133825713e+10 Pr: 33747(3.71256e+10); Du: 0(2.58984e-07) 605s
     171682     5.9486624891e+10 Pr: 31119(8.01329e+09); Du: 0(3.84004e-07) 612s
     172961     5.9493924310e+10 Pr: 32176(1.84476e+10); Du: 0(2.64333e-07) 621s
     174293     5.9529455384e+10 Pr: 28164(6.96261e+08); Du: 0(3.51423e-07) 627s
     175458     5.9591608439e+10 Pr: 27720(6.07136e+08); Du: 0(3.89288e-07) 633s
     176654     5.9688706023e+10 Pr: 31728(1.87806e+10); Du: 0(1.59479e-07) 639s
     177881     5.9747281752e+10 Pr: 34355(7.92463e+10); Du: 0(4.30312e-07) 646s
     178963     5.9862641400e+10 Pr: 30895(1.66983e+09); Du: 0(1.29557e-07) 654s
     180232     5.9974778444e+10 Pr: 30850(1.74975e+10); Du: 0(1.9295e-07) 663s
     181336     6.0052442218e+10 Pr: 30696(1.80091e+10); Du: 0(1.29293e-07) 670s
     182602     6.0246972380e+10 Pr: 32721(1.03773e+10); Du: 0(1.70786e-07) 680s
     183435     6.0326367786e+10 Pr: 32057(2.13876e+10); Du: 0(3.06207e-07) 685s
     184284     6.0353025235e+10 Pr: 33724(6.62038e+09); Du: 0(1.6648e-07) 691s
     185688     6.0468295665e+10 Pr: 31758(1.64459e+09); Du: 0(1.529e-07) 700s
     187062     6.0514949783e+10 Pr: 32392(4.28935e+09); Du: 0(1.21992e-07) 709s
     187834     6.0613596809e+10 Pr: 32078(2.39815e+09); Du: 0(1.18224e-07) 714s
     188589     6.0643769677e+10 Pr: 30920(9.09275e+08); Du: 0(1.79628e-07) 719s
     189379     6.0661526790e+10 Pr: 31769(5.45034e+08); Du: 0(1.2286e-07) 724s
     190144     6.0672551809e+10 Pr: 27921(2.34074e+08); Du: 0(7.24092e-08) 730s
     191632     6.0729335777e+10 Pr: 27787(4.03675e+09); Du: 0(2.80365e-07) 739s
     193003     6.0848831205e+10 Pr: 29972(6.51182e+08); Du: 0(2.0885e-07) 749s
     194383     6.0892216154e+10 Pr: 29874(4.87988e+09); Du: 0(2.53001e-07) 758s
     195243     6.0952400711e+10 Pr: 29184(2.06964e+08); Du: 0(2.98274e-07) 764s
     196565     6.1027352561e+10 Pr: 28835(4.82359e+09); Du: 0(2.56404e-07) 773s
     198503     6.2894754613e+10 Pr: 28186(6.06258e+08); Du: 0(1.66318e-07) 781s
     199921     6.2931173028e+10 Pr: 28098(2.99591e+09); Du: 0(1.03324e-07) 790s
     201130     6.3012259957e+10 Pr: 31241(2.63771e+09); Du: 0(2.32767e-07) 799s
     202380     6.3114309818e+10 Pr: 29337(6.47604e+09); Du: 0(2.08606e-07) 807s
     203862     6.3225310135e+10 Pr: 30076(2.17399e+09); Du: 0(3.3932e-07) 816s
     205469     6.3284433550e+10 Pr: 30401(3.40814e+08); Du: 0(1.62732e-07) 824s
     207991     6.5122113996e+10 Pr: 25669(3.55275e+08); Du: 0(2.28436e-07) 830s
     209442     6.5467648892e+10 Pr: 35390(4.28282e+09); Du: 0(3.19751e-07) 840s
     210857     6.5536624926e+10 Pr: 34109(1.91045e+09); Du: 0(2.44879e-07) 849s
     212280     6.5625670353e+10 Pr: 30776(7.74502e+08); Du: 0(2.33774e-07) 858s
     213109     6.5655639108e+10 Pr: 28846(1.37129e+09); Du: 0(3.27072e-07) 863s
     214442     6.5676388776e+10 Pr: 27648(1.22831e+08); Du: 0(2.63884e-07) 872s
     215771     6.5740440828e+10 Pr: 36146(1.89416e+09); Du: 0(1.8728e-07) 881s
     217148     6.5833139377e+10 Pr: 34781(3.45731e+09); Du: 0(2.44424e-07) 890s
     218517     6.5953547638e+10 Pr: 37551(4.73792e+09); Du: 0(2.05242e-07) 899s
     219895     6.5984562276e+10 Pr: 38124(3.56647e+09); Du: 0(1.42435e-07) 908s
     220623     6.5988100230e+10 Pr: 34243(7.76219e+08); Du: 0(1.64251e-07) 913s
     222115     6.6021617357e+10 Pr: 34358(1.08029e+09); Du: 0(1.09877e-07) 923s
     222939     6.6023484664e+10 Pr: 34655(1.02388e+09); Du: 0(1.50264e-07) 928s
     224391     6.6030923891e+10 Pr: 34367(1.50963e+09); Du: 0(9.56785e-08) 937s
     226801     6.9004092080e+10 Pr: 31308(1.36806e+10); Du: 0(1.83067e-07) 944s
     228637     7.0588105864e+10 Pr: 32730(2.82006e+10); Du: 0(2.40939e-07) 953s
     230821     7.1830790604e+10 Pr: 25634(1.60728e+08); Du: 0(2.88533e-07) 962s
     231890     7.1837413199e+10 Pr: 32458(4.76041e+08); Du: 0(3.90338e-07) 970s
     232991     7.1884056058e+10 Pr: 30717(9.11368e+08); Du: 0(2.52754e-07) 976s
     233986     7.1899749167e+10 Pr: 27954(5.44356e+08); Du: 0(2.33686e-07) 983s
     235020     7.1923764463e+10 Pr: 29276(8.78951e+08); Du: 0(4.75908e-07) 990s
     235936     7.1932038491e+10 Pr: 30916(2.78655e+09); Du: 0(3.29901e-07) 995s
     236762     7.1947671721e+10 Pr: 33063(1.91373e+09); Du: 0(3.7685e-07) 1001s
     245117     7.2172897481e+10 Pr: 23267(1.63528e+08); Du: 0(2.94329e-07) 1055s
     253994     7.2651976340e+10 Pr: 26924(1.33456e+09); Du: 0(2.65287e-07) 1106s
     263879     7.7104275397e+10 Pr: 21895(1.84859e+10); Du: 0(5.20313e-07) 1158s
     273309     7.7249169934e+10 Pr: 18945(1.81419e+08); Du: 0(1.99024e-07) 1213s
     283238     7.8170641608e+10 Pr: 12680(2.19808e+08); Du: 0(3.91966e-07) 1265s
     295227     8.0223273917e+10 Pr: 7965(4.46994e+07); Du: 0(3.71764e-07) 1319s
     300910     8.0763340541e+10 Pr: 0(0); Du: 5(7.9852e-07) 1345s
     300910     8.0763340541e+10 Pr: 0(0); Du: 5(7.9852e-07) 1345s

Performed postsolve
Solving the original LP from the solution after postsolve
Using EKK primal simplex solver
  Iteration        Objective     Infeasibilities num(sum)
     300910     8.0763340541e+10 Pr: 0(0); Du: 2(3.07837e-07) 1345s
     300910     8.0763340541e+10 Pr: 0(0); Du: 2(3.07837e-07) 1345s

Model name          : linopy-problem-yf_k4r6y
Model status        : Optimal
Simplex   iterations: 300910
Objective value     :  8.0763340541e+10
P-D objective error :  2.5127971821e-14
HiGHS run time      :       1345.49

=== SOLVE END ===
{
  "run_id": "20260518_133337__fossil_incumbent_2050",
  "config": "D:\\van538\\ISPyPSA\\mvp_pass1_power\\bench\\configs_myopic\\20260518_133337__fossil_incumbent_2050_2050.yaml",
  "archetype": "fossil_incumbent",
  "solver_options": null,
  "started_at": 1779078880.7421997,
  "started_at_iso": "2026-05-18T14:34:40",
  "iasr_load_s": 0.22604759968817234,
  "templating_s": 1.2767052985727787,
  "translation_s": 13.706149799749255,
  "pypsa_build_s": 19.00147240050137,
  "solve_s": 1355.8312111012638,
  "solve_ok": true,
  "save_network_s": 0.8911306001245975,
  "extract_results_s": 1.0687304008752108,
  "annual_generation_mwh_by_period": {
    "2050": 302615192.87630427
  },
  "wall_clock_s": 1401.0707836002111,
  "status": "completed",
  "peak_rss_bytes": 1495588864,
  "peak_rss_gib": 1.3928756713867188,
  "lp_rows": 446586,
  "lp_cols": 202233,
  "lp_nonzeros": 874199,
  "model_status": "Optimal",
  "highs_run_time_s": 1345.49,
  "simplex_iterations": 300910,
  "ipm_iterations": null,
  "ipm_final_pinf": null,
  "ipm_final_dinf": null,
  "ipm_final_gap": null,
  "objective_value": 80763340541.0
}
