
=== SOLVE START ===
Writing constraints.:   0%|[38;2;128;191;255m          [0m| 0/87 [00:00<?, ?it/s]Writing constraints.:   7%|[38;2;128;191;255m6         [0m| 6/87 [00:00<00:01, 51.69it/s]Writing constraints.:  14%|[38;2;128;191;255m#3        [0m| 12/87 [00:00<00:01, 47.51it/s]Writing constraints.:  21%|[38;2;128;191;255m##        [0m| 18/87 [00:00<00:01, 52.41it/s]Writing constraints.:  28%|[38;2;128;191;255m##7       [0m| 24/87 [00:00<00:01, 49.69it/s]Writing constraints.:  45%|[38;2;128;191;255m####4     [0m| 39/87 [00:00<00:00, 81.16it/s]Writing constraints.:  71%|[38;2;128;191;255m#######1  [0m| 62/87 [00:00<00:00, 121.97it/s]Writing constraints.:  95%|[38;2;128;191;255m#########5[0m| 83/87 [00:00<00:00, 147.11it/s]Writing constraints.: 100%|[38;2;128;191;255m##########[0m| 87/87 [00:00<00:00, 106.61it/s]
Writing continuous variables.:   0%|[38;2;128;191;255m          [0m| 0/8 [00:00<?, ?it/s]Writing continuous variables.: 100%|[38;2;128;191;255m##########[0m| 8/8 [00:00<00:00, 247.16it/s]
Running HiGHS 1.12.0 (git hash: 755a8e0): Copyright (c) 2025 HiGHS under MIT licence terms
LP linopy-problem-peqkrfs8 has 190026 rows; 87820 cols; 354533 nonzeros
Coefficient ranges:
  Matrix  [5e-06, 8e+00]
  Cost    [2e+02, 5e+06]
  Bound   [0e+00, 0e+00]
  RHS     [7e-04, 1e+05]
WARNING: Problem has some excessively large costs
WARNING:    Consider scaling the objective by 1e-1, or setting the user_objective_scale option to -3
Presolving model
57005 rows, 62548 cols, 183518 nonzeros  0s
Dependent equations search running on 10748 equations with time limit of 1000.00s
Dependent equations search removed 0 rows and 0 nonzeros in 0.00s (limit = 1000.00s)
53999 rows, 52385 cols, 183596 nonzeros  0s
Presolve reductions: rows 53999(-136027); columns 52385(-35435); nonzeros 183596(-170937) 
Solving the presolved LP
Using EKK dual simplex solver - serial
  Iteration        Objective     Infeasibilities num(sum)
          0    -1.1254897402e+10 Ph1: 11457(1.49324e+07); Du: 4032(1.12549e+07) 0s
      19529     3.2714835355e+09 Pr: 9745(3.41565e+08); Du: 0(2.91371e-07) 5s
      26523     4.9830827242e+09 Pr: 11411(2.64981e+08); Du: 0(1.09893e-07) 10s
      31015     6.9035731188e+09 Pr: 11452(3.62637e+08); Du: 0(1.09893e-07) 16s
      40226     1.0356579189e+10 Pr: 11675(8.11133e+07); Du: 0(2.90648e-07) 21s
      46460     1.1389900766e+10 Pr: 10461(3.32514e+08); Du: 0(2.54643e-07) 26s
      53069     1.3576286771e+10 Pr: 7322(1.04129e+07); Du: 0(4.20936e-07) 31s
      59071     1.4858058678e+10 Pr: 5747(2.53173e+06); Du: 0(3.73342e-07) 36s
      66133     1.6589177886e+10 Pr: 4077(1.00638e+06); Du: 0(3.24249e-07) 42s
      72188     1.7116835258e+10 Pr: 1465(164580); Du: 0(1.64702e-07) 47s
      74778     1.7198848182e+10 Pr: 0(0); Du: 1(3.45801e-07) 49s
      74778     1.7198848182e+10 Pr: 0(0); Du: 1(3.45801e-07) 49s

Performed postsolve
Solving the original LP from the solution after postsolve
Using EKK primal simplex solver
  Iteration        Objective     Infeasibilities num(sum)
      74778     1.7198848182e+10 Pr: 0(0); Du: 1(2.8086e-07) 49s
      74778     1.7198848182e+10 Pr: 0(0); Du: 1(2.8086e-07) 49s

Model name          : linopy-problem-peqkrfs8
Model status        : Optimal
Simplex   iterations: 74778
Objective value     :  1.7198848182e+10
P-D objective error :  1.3640674035e-14
HiGHS run time      :         48.98

=== SOLVE END ===
{
  "run_id": "nsw_6p_myopic_2045",
  "config": "C:\\Users\\van538\\Documents\\GitHub\\ISPyPSA\\mvp_pass1_power\\bench\\configs_myopic\\nsw_6p_myopic_2045_2045.yaml",
  "archetype": "cost_optimal",
  "solver_options": null,
  "started_at": 1778714076.3284833,
  "started_at_iso": "2026-05-14T09:14:36",
  "iasr_load_s": 0.12395710000419058,
  "templating_s": 0.6754521000111708,
  "translation_s": 3.6075835000083316,
  "pypsa_build_s": 7.12514970000484,
  "solve_s": 51.62183790000563,
  "solve_ok": true,
  "save_network_s": 0.27202910000050906,
  "extract_results_s": 0.24113899999065325,
  "annual_generation_mwh_by_period": {
    "2045": 104030456.50101008
  },
  "wall_clock_s": 68.25488860000041,
  "status": "completed",
  "peak_rss_bytes": 840355840,
  "peak_rss_gib": 0.7826423645019531,
  "lp_rows": 190026,
  "lp_cols": 87820,
  "lp_nonzeros": 354533,
  "model_status": "Optimal",
  "highs_run_time_s": 48.98,
  "simplex_iterations": 74778,
  "ipm_iterations": null,
  "ipm_final_pinf": null,
  "ipm_final_dinf": null,
  "ipm_final_gap": null,
  "objective_value": 17198848182.0
}
