{
  "run_id": "20260518_133337__nuclear_included_2025",
  "config": "D:\\van538\\ISPyPSA\\mvp_pass1_power\\bench\\configs_myopic\\20260518_133337__nuclear_included_2025_2025.yaml",
  "archetype": "nuclear_included",
  "solver_options": null,
  "started_at": 1779075218.7246108,
  "started_at_iso": "2026-05-18T13:33:38",
  "status": "failed",
  "exception": "KeyError: ('Nuclear', nan)",
  "wall_clock_s": 53.14101319946349,
  "peak_rss_bytes": 2258558976,
  "peak_rss_gib": 2.1034469604492188,
  "lp_rows": null,
  "lp_cols": null,
  "lp_nonzeros": null,
  "model_status": null,
  "highs_run_time_s": null,
  "simplex_iterations": null,
  "ipm_iterations": null,
  "ipm_final_pinf": null,
  "ipm_final_dinf": null,
  "ipm_final_gap": null,
  "objective_value": null
}
