
=== SOLVE START ===
Writing constraints.:   0%|[38;2;128;191;255m          [0m| 0/118 [00:00<?, ?it/s]Writing constraints.:   3%|[38;2;128;191;255m3         [0m| 4/118 [00:00<00:05, 20.17it/s]Writing constraints.:   6%|[38;2;128;191;255m5         [0m| 7/118 [00:00<00:11,  9.41it/s]Writing constraints.:   8%|[38;2;128;191;255m7         [0m| 9/118 [00:00<00:09, 11.28it/s]Writing constraints.:  10%|[38;2;128;191;255m#         [0m| 12/118 [00:00<00:07, 14.74it/s]Writing constraints.:  13%|[38;2;128;191;255m#2        [0m| 15/118 [00:01<00:05, 17.27it/s]Writing constraints.:  15%|[38;2;128;191;255m#5        [0m| 18/118 [00:01<00:04, 20.02it/s]Writing constraints.:  18%|[38;2;128;191;255m#7        [0m| 21/118 [00:01<00:04, 21.74it/s]Writing constraints.:  20%|[38;2;128;191;255m##        [0m| 24/118 [00:01<00:05, 17.07it/s]Writing constraints.:  23%|[38;2;128;191;255m##2       [0m| 27/118 [00:01<00:05, 16.99it/s]Writing constraints.:  28%|[38;2;128;191;255m##7       [0m| 33/118 [00:01<00:03, 24.97it/s]Writing constraints.:  35%|[38;2;128;191;255m###4      [0m| 41/118 [00:01<00:02, 36.44it/s]Writing constraints.:  46%|[38;2;128;191;255m####5     [0m| 54/118 [00:02<00:01, 57.59it/s]Writing constraints.:  57%|[38;2;128;191;255m#####6    [0m| 67/118 [00:02<00:00, 74.37it/s]Writing constraints.:  68%|[38;2;128;191;255m######7   [0m| 80/118 [00:02<00:00, 87.03it/s]Writing constraints.:  79%|[38;2;128;191;255m#######8  [0m| 93/118 [00:02<00:00, 96.73it/s]Writing constraints.:  90%|[38;2;128;191;255m########9 [0m| 106/118 [00:02<00:00, 104.22it/s]Writing constraints.: 100%|[38;2;128;191;255m##########[0m| 118/118 [00:02<00:00, 46.68it/s] 
Writing continuous variables.:   0%|[38;2;128;191;255m          [0m| 0/8 [00:00<?, ?it/s]Writing continuous variables.: 100%|[38;2;128;191;255m##########[0m| 8/8 [00:00<00:00, 96.66it/s]
Running HiGHS 1.12.0 (git hash: 755a8e0): Copyright (c) 2025 HiGHS under MIT licence terms
LP linopy-problem-8vavqd5b has 532938 rows; 242889 cols; 1013070 nonzeros
Coefficient ranges:
  Matrix  [2e-05, 8e+00]
  Cost    [2e+02, 7e+06]
  Bound   [0e+00, 0e+00]
  RHS     [2e-04, 1e+05]
WARNING: Problem has some excessively large costs
WARNING:    Consider scaling the objective by 1e-1, or setting the user_objective_scale option to -3
Presolving model
154722 rows, 179676 cols, 516426 nonzeros  1s
142777 rows, 139711 cols, 467329 nonzeros  2s
Dependent equations search running on 29729 equations with time limit of 1000.00s
Dependent equations search removed 0 rows and 0 nonzeros in 0.01s (limit = 1000.00s)
142079 rows, 139013 cols, 470875 nonzeros  2s
Presolve reductions: rows 142079(-390859); columns 139013(-103876); nonzeros 470875(-542195) 
Solving the presolved LP
Using EKK dual simplex solver - serial
  Iteration        Objective     Infeasibilities num(sum)
          0    -2.7468449243e+10 Ph1: 37095(4.78927e+07); Du: 12096(2.74684e+07) 3s
      36138     1.1114451353e+09 Pr: 20212(1.90854e+08); Du: 0(1.28002e-06) 8s
      39966     1.5659289921e+09 Pr: 23367(2.44859e+09); Du: 0(1.60025e-06) 14s
      42195     1.9293625085e+09 Pr: 25201(2.2206e+08); Du: 0(1.45397e-06) 19s
      44393     2.3621563056e+09 Pr: 25976(1.21797e+09); Du: 0(1.50928e-06) 25s
      46850     2.7655532945e+09 Pr: 24036(1.94529e+08); Du: 0(1.34919e-06) 30s
      50500     3.4553810094e+09 Pr: 27125(5.24921e+08); Du: 0(1.37646e-06) 36s
      52729     3.8156161920e+09 Pr: 23605(8.62997e+07); Du: 0(1.32386e-06) 41s
      57044     4.3011462135e+09 Pr: 27747(4.60081e+07); Du: 0(1.05602e-06) 46s
      61846     4.9676304883e+09 Pr: 27663(4.33781e+08); Du: 0(1.02627e-06) 51s
      64916     5.3324089394e+09 Pr: 32001(1.43046e+08); Du: 0(7.62215e-07) 57s
      67284     5.6567039628e+09 Pr: 26605(5.30242e+07); Du: 0(9.76894e-07) 62s
      70767     7.1265095736e+09 Pr: 32861(7.87864e+08); Du: 0(7.41533e-07) 69s
      71992     7.6166880632e+09 Pr: 31051(7.7781e+09); Du: 0(7.99475e-07) 75s
      73920     9.5965280018e+09 Pr: 28724(1.31819e+08); Du: 0(6.34852e-07) 80s
      76099     9.7165374881e+09 Pr: 25244(8.40847e+07); Du: 0(6.6832e-07) 85s
      79854     1.0043738609e+10 Pr: 26330(9.44289e+07); Du: 0(8.37442e-07) 91s
      83289     1.0360159393e+10 Pr: 26019(1.01639e+08); Du: 0(5.70124e-07) 97s
      87977     1.0880176596e+10 Pr: 29512(5.09019e+08); Du: 0(5.24179e-07) 102s
      91593     1.1212505267e+10 Pr: 23082(3.75677e+08); Du: 0(6.10334e-07) 108s
      93418     1.1753415908e+10 Pr: 24342(1.17464e+08); Du: 0(5.24379e-07) 113s
      95183     1.2510344193e+10 Pr: 26139(1.54321e+08); Du: 0(5.16477e-07) 118s
      97523     1.2884875889e+10 Pr: 26328(3.32754e+08); Du: 0(5.0529e-07) 124s
      99084     1.3192095581e+10 Pr: 26414(1.03441e+08); Du: 0(5.418e-07) 131s
     101394     1.3643565833e+10 Pr: 27454(2.31645e+08); Du: 0(5.418e-07) 137s
     103513     1.4080690720e+10 Pr: 27111(2.88043e+08); Du: 0(6.87013e-07) 144s
     105421     1.4573397591e+10 Pr: 25739(1.66828e+08); Du: 0(5.80519e-07) 150s
     107167     1.5031482841e+10 Pr: 25830(1.75847e+08); Du: 0(5.44274e-07) 156s
     108628     1.5253470807e+10 Pr: 24994(2.96459e+09); Du: 0(5.97474e-07) 162s
     110768     1.5531488598e+10 Pr: 23941(1.19024e+08); Du: 0(3.66295e-07) 168s
     113988     1.6147710058e+10 Pr: 28074(7.37086e+08); Du: 0(3.8516e-07) 175s
     116221     1.6583682173e+10 Pr: 27791(1.18565e+09); Du: 0(4.64663e-07) 182s
     117552     1.6712535315e+10 Pr: 29895(1.01565e+09); Du: 0(5.26515e-07) 189s
     118537     1.6829814360e+10 Pr: 29872(1.21768e+09); Du: 0(4.84974e-07) 195s
     119569     1.6947170132e+10 Pr: 32100(2.63653e+09); Du: 0(4.30228e-07) 200s
     120535     1.7150422544e+10 Pr: 28889(1.01972e+09); Du: 0(5.03852e-07) 206s
     121555     1.7248253225e+10 Pr: 29658(9.97243e+08); Du: 0(4.60331e-07) 212s
     122587     1.7333099619e+10 Pr: 27295(1.02441e+09); Du: 0(3.5302e-07) 218s
     123632     1.7376451320e+10 Pr: 28371(1.05814e+09); Du: 0(4.10603e-07) 224s
     124701     1.7484021016e+10 Pr: 27638(9.75208e+08); Du: 0(4.33493e-07) 229s
     125779     1.7617987324e+10 Pr: 27477(9.88977e+08); Du: 0(4.30894e-07) 234s
     126857     1.7713740645e+10 Pr: 26137(9.61716e+08); Du: 0(5.14526e-07) 240s
     127928     1.7799802213e+10 Pr: 28047(9.70261e+08); Du: 0(4.74074e-07) 246s
     128963     1.7821959153e+10 Pr: 27223(1.00544e+09); Du: 0(4.55045e-07) 252s
     130848     1.8009040202e+10 Pr: 26628(1.01176e+09); Du: 0(6.0579e-07) 257s
     133779     1.8242108818e+10 Pr: 28475(1.02434e+09); Du: 0(6.0579e-07) 263s
     135075     1.8507685873e+10 Pr: 29931(1.12893e+09); Du: 0(7.3784e-07) 268s
     136344     1.8900038606e+10 Pr: 29036(1.05349e+09); Du: 0(5.12596e-07) 275s
     137726     1.9002616030e+10 Pr: 26912(6.02694e+08); Du: 0(5.30415e-07) 280s
     139257     1.9041060720e+10 Pr: 28161(6.54561e+08); Du: 0(4.58637e-07) 289s
     142722     2.0301603421e+10 Pr: 30352(6.35768e+09); Du: 0(4.1707e-07) 295s
     144274     2.0783145674e+10 Pr: 26938(2.83368e+09); Du: 0(4.88876e-07) 304s
     145687     2.0961137663e+10 Pr: 29288(2.75054e+09); Du: 0(4.70339e-07) 311s
     147042     2.1169457246e+10 Pr: 25579(2.7069e+09); Du: 0(4.57919e-07) 317s
     148746     2.1416132009e+10 Pr: 24205(1.86672e+08); Du: 0(3.59957e-07) 324s
     151152     2.1507878747e+10 Pr: 26964(8.47344e+07); Du: 0(5.20782e-07) 330s
     152958     2.1587194704e+10 Pr: 26741(1.17374e+08); Du: 0(5.2774e-07) 337s
     154905     2.1642504592e+10 Pr: 25316(9.56448e+07); Du: 0(3.05878e-07) 343s
     156757     2.1727184871e+10 Pr: 24310(2.32348e+08); Du: 0(2.59027e-07) 350s
     158585     2.1880659336e+10 Pr: 23435(4.4819e+08); Du: 0(3.49382e-07) 356s
     160831     2.1996746262e+10 Pr: 23754(8.84942e+07); Du: 0(3.49376e-07) 363s
     162707     2.2086363177e+10 Pr: 24156(3.74308e+08); Du: 0(3.19906e-07) 370s
     163999     2.2159731172e+10 Pr: 23891(3.61597e+08); Du: 0(3.19917e-07) 375s
     165357     2.2229328800e+10 Pr: 23416(6.66761e+07); Du: 0(2.84986e-07) 380s
     166770     2.2269315897e+10 Pr: 24502(1.91241e+08); Du: 0(3.04828e-07) 386s
     168919     2.2320803137e+10 Pr: 25304(8.50363e+07); Du: 0(4.10837e-07) 393s
     170575     2.2359984682e+10 Pr: 22877(7.69053e+07); Du: 0(3.72152e-07) 398s
     172860     2.2441793542e+10 Pr: 22079(5.5022e+07); Du: 0(2.46343e-07) 406s
     174385     2.2506841084e+10 Pr: 22569(1.39152e+08); Du: 0(3.03648e-07) 411s
     176546     2.2564504302e+10 Pr: 22109(4.01995e+08); Du: 0(2.20001e-07) 418s
     178014     2.2612710068e+10 Pr: 24310(1.23634e+08); Du: 0(3.49942e-07) 424s
     179938     2.3068738725e+10 Pr: 21664(1.16192e+09); Du: 0(4.75381e-07) 429s
     181318     2.3239114881e+10 Pr: 25036(1.60819e+09); Du: 0(4.03398e-07) 437s
     182532     2.3307242219e+10 Pr: 25985(1.16191e+09); Du: 0(4.03414e-07) 445s
     183949     2.3459590694e+10 Pr: 21916(1.51635e+09); Du: 0(4.0343e-07) 453s
     185861     2.3638062572e+10 Pr: 24105(1.79289e+09); Du: 0(5.94941e-07) 461s
     188158     2.3940296800e+10 Pr: 24107(2.36371e+09); Du: 0(7.10545e-07) 469s
     190096     2.4146599093e+10 Pr: 23742(1.12529e+09); Du: 0(5.54894e-07) 477s
     191605     2.4187275392e+10 Pr: 24897(9.98685e+08); Du: 0(8.77455e-07) 482s
     194227     2.4221425934e+10 Pr: 22892(1.28154e+09); Du: 0(3.35814e-07) 490s
     196020     2.4232116059e+10 Pr: 20710(9.85406e+08); Du: 0(4.4719e-07) 495s
     198436     2.4296729299e+10 Pr: 21264(9.76193e+08); Du: 0(4.13718e-07) 501s
     201292     2.4588150882e+10 Pr: 16307(4.60403e+08); Du: 0(1.70063e-07) 507s
     203461     2.4685625618e+10 Pr: 16020(4.40452e+07); Du: 0(2.10438e-07) 516s
     205216     2.4791214305e+10 Pr: 18036(2.48255e+07); Du: 0(3.21767e-07) 526s
     207492     2.5063705432e+10 Pr: 11658(7.45675e+07); Du: 0(3.61896e-07) 533s
     209528     2.5074304214e+10 Pr: 13119(2.14179e+07); Du: 0(4.82942e-07) 539s
     211484     2.5081155651e+10 Pr: 10773(2.68005e+06); Du: 0(3.93432e-07) 545s
     213777     2.5678409978e+10 Pr: 11782(1.73491e+08); Du: 0(4.15054e-07) 551s
     216577     2.5689423870e+10 Pr: 9436(7.64001e+06); Du: 0(2.01394e-07) 558s
     218721     2.5974708244e+10 Pr: 10613(7.20221e+06); Du: 0(1.54835e-07) 565s
     220783     2.5977070861e+10 Pr: 11689(2.92605e+07); Du: 0(2.52861e-07) 571s
     222996     2.6098105517e+10 Pr: 13657(3.89625e+08); Du: 0(2.89968e-07) 577s
     225151     2.6397148835e+10 Pr: 12126(4.24711e+07); Du: 0(5.48191e-07) 583s
     227014     2.6402343974e+10 Pr: 8882(1.96877e+06); Du: 0(4.65062e-07) 588s
     229895     2.6405195460e+10 Pr: 12550(2.59559e+07); Du: 0(2.90691e-07) 596s
     232088     2.6455220811e+10 Pr: 8943(5.06144e+07); Du: 0(2.56142e-07) 601s
     234273     2.6470351041e+10 Pr: 10688(1.5383e+07); Du: 0(2.02107e-07) 606s
     236873     2.6473622921e+10 Pr: 10264(6.49075e+07); Du: 0(2.595e-07) 613s
     238704     2.6474817132e+10 Pr: 8821(4.67878e+06); Du: 0(3.36535e-07) 619s
     241271     2.6767885466e+10 Pr: 5623(7.56813e+06); Du: 0(4.42378e-07) 626s
     243533     2.6817897281e+10 Pr: 1925(428519); Du: 0(7.3601e-07) 633s
     244911     2.6828956476e+10 Pr: 0(0); Du: 1(3.42599e-07) 637s
     244911     2.6828956476e+10 Pr: 0(0); Du: 1(3.42599e-07) 637s

Performed postsolve
Solving the original LP from the solution after postsolve
Using EKK primal simplex solver
  Iteration        Objective     Infeasibilities num(sum)
     244911     2.6828956476e+10 Pr: 0(0); Du: 1(3.38938e-07) 638s
     244911     2.6828956476e+10 Pr: 0(0); Du: 1(3.38938e-07) 638s

Model name          : linopy-problem-8vavqd5b
Model status        : Optimal
Simplex   iterations: 244911
Objective value     :  2.6828956476e+10
P-D objective error :  3.1351974044e-14
HiGHS run time      :        637.92

=== SOLVE END ===
{
  "run_id": "20260518_133337__fossil_incumbent_2045",
  "config": "D:\\van538\\ISPyPSA\\mvp_pass1_power\\bench\\configs_myopic\\20260518_133337__fossil_incumbent_2045_2045.yaml",
  "archetype": "fossil_incumbent",
  "solver_options": null,
  "started_at": 1779078174.954076,
  "started_at_iso": "2026-05-18T14:22:54",
  "iasr_load_s": 0.22300600074231625,
  "templating_s": 1.3062229994684458,
  "translation_s": 16.060218000784516,
  "pypsa_build_s": 23.898261299356818,
  "solve_s": 649.8404249995947,
  "solve_ok": true,
  "save_network_s": 0.9260684996843338,
  "extract_results_s": 1.3469749987125397,
  "annual_generation_mwh_by_period": {
    "2045": 272437987.5807079
  },
  "wall_clock_s": 702.7148067988455,
  "status": "completed",
  "peak_rss_bytes": 1618857984,
  "peak_rss_gib": 1.5076789855957031,
  "lp_rows": 532938,
  "lp_cols": 242889,
  "lp_nonzeros": 1013070,
  "model_status": "Optimal",
  "highs_run_time_s": 637.92,
  "simplex_iterations": 244911,
  "ipm_iterations": null,
  "ipm_final_pinf": null,
  "ipm_final_dinf": null,
  "ipm_final_gap": null,
  "objective_value": 26828956476.0
}
